[debug] [2026-08-12T07:31:10.396Z] ----------------------------------------------------------------------
[debug] [2026-08-12T07:31:10.397Z] Command:       /Users/chrisventer/.local/share/fnm/node-versions/v22.20.0/installation/bin/node /Users/chrisventer/.npm-global/bin/firebase init
[debug] [2026-08-12T07:31:10.397Z] CLI Version:   15.26.0
[debug] [2026-08-12T07:31:10.398Z] Platform:      darwin
[debug] [2026-08-12T07:31:10.398Z] Node Version:  v22.20.0
[debug] [2026-08-12T07:31:10.398Z] Detected Agent: unknown
[debug] [2026-08-12T07:31:10.398Z] Time:          Wed Aug 12 2026 17:31:10 GMT+1000 (Australian Eastern Standard Time)
[debug] [2026-08-12T07:31:10.398Z] ----------------------------------------------------------------------
[debug] 
[debug] [2026-08-12T07:31:10.403Z] >>> [apiv2][query] GET https://firebase-public.firebaseio.com/cli.json [none]
[info] 
     ######## #### ########  ######## ########     ###     ######  ########
     ##        ##  ##     ## ##       ##     ##  ##   ##  ##       ##
     ######    ##  ########  ######   ########  #########  ######  ######
     ##        ##  ##    ##  ##       ##     ## ##     ##       ## ##
     ##       #### ##     ## ######## ########  ##     ##  ######  ########

You're about to initialize a Firebase project in this directory:

  /Volumes/ExternalHD/code/Reminder

Before we get started, keep in mind:

  * You are currently outside your home directory

[debug] [2026-08-12T07:31:11.125Z] <<< [apiv2][status] GET https://firebase-public.firebaseio.com/cli.json 200
[debug] [2026-08-12T07:31:11.125Z] <<< [apiv2][body] GET https://firebase-public.firebaseio.com/cli.json {"cloudBuildErrorAfter":1594252800000,"cloudBuildWarnAfter":1590019200000,"defaultNode10After":1594252800000,"minVersion":"3.0.5","node8DeploysDisabledAfter":1613390400000,"node8RuntimeDisabledAfter":1615809600000,"node8WarnAfter":1600128000000}
[info] 
=== Project Setup
[info] 
[info] First, let's associate this project directory with a Firebase project.
[info] You can create multiple project aliases by running firebase use --add, 
[info] 
[debug] [2026-08-12T07:31:28.928Z] > command requires scopes: ["email","openid","https://www.googleapis.com/auth/cloudplatformprojects.readonly","https://www.googleapis.com/auth/firebase","https://www.googleapis.com/auth/cloud-platform"]
[debug] [2026-08-12T07:31:28.928Z] > authorizing via signed-in user (chris@myaccessibility.ai)
[debug] [2026-08-12T07:31:28.929Z] Checked if tokens are valid: false, expires at: 1785219435029
[debug] [2026-08-12T07:31:28.929Z] Checked if tokens are valid: false, expires at: 1785219435029
[debug] [2026-08-12T07:31:28.929Z] > refreshing access token with scopes: []
[debug] [2026-08-12T07:31:28.930Z] >>> [apiv2][query] POST https://www.googleapis.com/oauth2/v3/token [none]
[debug] [2026-08-12T07:31:28.930Z] >>> [apiv2][body] POST https://www.googleapis.com/oauth2/v3/token [omitted]
[debug] [2026-08-12T07:31:29.223Z] <<< [apiv2][status] POST https://www.googleapis.com/oauth2/v3/token 200
[debug] [2026-08-12T07:31:29.223Z] <<< [apiv2][body] POST https://www.googleapis.com/oauth2/v3/token [omitted]
[debug] [2026-08-12T07:31:29.234Z] >>> [apiv2][query] GET https://firebase.googleapis.com/v1beta1/projects pageSize=100
[debug] [2026-08-12T07:31:30.265Z] <<< [apiv2][status] GET https://firebase.googleapis.com/v1beta1/projects 200
[debug] [2026-08-12T07:31:30.265Z] <<< [apiv2][body] GET https://firebase.googleapis.com/v1beta1/projects [omitted]
[info] 
=== Hosting Setup
[debug] [2026-08-12T07:31:36.424Z] Checked if tokens are valid: true, expires at: 1786523488225
[debug] [2026-08-12T07:31:36.425Z] Checked if tokens are valid: true, expires at: 1786523488225
[debug] [2026-08-12T07:31:36.425Z] >>> [apiv2][query] GET https://firebase.googleapis.com/v1beta1/projects/pauselet-eba65 [none]
[debug] [2026-08-12T07:31:36.970Z] <<< [apiv2][status] GET https://firebase.googleapis.com/v1beta1/projects/pauselet-eba65 200
[debug] [2026-08-12T07:31:36.970Z] <<< [apiv2][body] GET https://firebase.googleapis.com/v1beta1/projects/pauselet-eba65 {"projectId":"pauselet-eba65","projectNumber":"845642539985","displayName":"pauselet","name":"projects/pauselet-eba65","resources":{"hostingSite":"pauselet-eba65"},"state":"ACTIVE","labels":{"firebase":"enabled"},"etag":"1_5617f34c-a10e-45ab-9b7f-db60824104fc"}
[info] 
[info] Your public directory is the folder (relative to your project directory) that
[info] will contain Hosting assets to be uploaded with firebase deploy. If you
[info] have a build process for your assets, use your build's output directory.
[info] 
